// Jest Snapshot v1, https://goo.gl/fbAQLP

exports[`import declaration test SJIS.vue 1`] = `"{\\"name\\":\\"/test/fixture/declarationTest/SJIS.vue\\",\\"props\\":\\"\\",\\"size\\":103,\\"lastModifiedTime\\":0,\\"children\\":[{\\"name\\":\\"/test/components/child.vue\\",\\"props\\":\\"\\",\\"size\\":42,\\"lastModifiedTime\\":0,\\"children\\":[]}]}"`;

exports[`import declaration test importNestedOne.vue 1`] = `"{\\"name\\":\\"/test/fixture/declarationTest/importNestedOne.vue\\",\\"props\\":\\"\\",\\"size\\":108,\\"lastModifiedTime\\":0,\\"children\\":[{\\"name\\":\\"/test/components/nested.vue\\",\\"props\\":\\"\\",\\"size\\":97,\\"lastModifiedTime\\":0,\\"children\\":[{\\"name\\":\\"/test/components/child.vue\\",\\"props\\":\\"\\",\\"size\\":42,\\"lastModifiedTime\\":0,\\"children\\":[]}]}]}"`;

exports[`import declaration test importNestedTwo.vue 1`] = `"{\\"name\\":\\"/test/fixture/declarationTest/importNestedTwo.vue\\",\\"props\\":\\"\\",\\"size\\":162,\\"lastModifiedTime\\":0,\\"children\\":[{\\"name\\":\\"/test/components/nested.vue\\",\\"props\\":\\"\\",\\"size\\":97,\\"lastModifiedTime\\":0,\\"children\\":[{\\"name\\":\\"/test/components/child.vue\\",\\"props\\":\\"\\",\\"size\\":42,\\"lastModifiedTime\\":0,\\"children\\":[]}]},{\\"name\\":\\"/test/components/nested2.vue\\",\\"props\\":\\"\\",\\"size\\":135,\\"lastModifiedTime\\":0,\\"children\\":[{\\"name\\":\\"/test/components/child.vue\\",\\"props\\":\\"\\",\\"size\\":42,\\"lastModifiedTime\\":0,\\"children\\":[]},{\\"name\\":\\"/test/components/child2.vue\\",\\"props\\":\\"\\",\\"size\\":43,\\"lastModifiedTime\\":0,\\"children\\":[]}]}]}"`;

exports[`import declaration test importNestedTwo.vue 2`] = `"{\\"name\\":\\"/test/fixture/declarationTest/importNestedTwo.vue\\",\\"props\\":\\"\\",\\"size\\":162,\\"lastModifiedTime\\":0,\\"children\\":[{\\"name\\":\\"/test/components/nested.vue\\",\\"props\\":\\"\\",\\"size\\":97,\\"lastModifiedTime\\":0,\\"children\\":[{\\"name\\":\\"/test/components/child.vue\\",\\"props\\":\\"\\",\\"size\\":42,\\"lastModifiedTime\\":0,\\"children\\":[]}]},{\\"name\\":\\"/test/components/nested2.vue\\",\\"props\\":\\"\\",\\"size\\":135,\\"lastModifiedTime\\":0,\\"children\\":[{\\"name\\":\\"/test/components/child.vue\\",\\"props\\":\\"\\",\\"size\\":42,\\"lastModifiedTime\\":0,\\"children\\":[]},{\\"name\\":\\"/test/components/child2.vue\\",\\"props\\":\\"\\",\\"size\\":43,\\"lastModifiedTime\\":0,\\"children\\":[]}]}]}"`;

exports[`import declaration test importOne.vue 1`] = `"{\\"name\\":\\"/test/fixture/declarationTest/importOne.vue\\",\\"props\\":\\"\\",\\"size\\":108,\\"lastModifiedTime\\":0,\\"children\\":[{\\"name\\":\\"/test/components/child.vue\\",\\"props\\":\\"\\",\\"size\\":42,\\"lastModifiedTime\\":0,\\"children\\":[]}]}"`;

exports[`import declaration test importThirdParty.vue 1`] = `"{\\"name\\":\\"/test/fixture/declarationTest/importTwo.vue\\",\\"props\\":\\"\\",\\"size\\":158,\\"lastModifiedTime\\":0,\\"children\\":[{\\"name\\":\\"/test/components/child.vue\\",\\"props\\":\\"\\",\\"size\\":42,\\"lastModifiedTime\\":0,\\"children\\":[]},{\\"name\\":\\"/test/components/child2.vue\\",\\"props\\":\\"\\",\\"size\\":43,\\"lastModifiedTime\\":0,\\"children\\":[]}]}"`;

exports[`import declaration test importTwo.vue 1`] = `"{\\"name\\":\\"/test/fixture/declarationTest/importTwo.vue\\",\\"props\\":\\"\\",\\"size\\":158,\\"lastModifiedTime\\":0,\\"children\\":[{\\"name\\":\\"/test/components/child.vue\\",\\"props\\":\\"\\",\\"size\\":42,\\"lastModifiedTime\\":0,\\"children\\":[]},{\\"name\\":\\"/test/components/child2.vue\\",\\"props\\":\\"\\",\\"size\\":43,\\"lastModifiedTime\\":0,\\"children\\":[]}]}"`;

exports[`import declaration test noExtension.vue 1`] = `"{\\"name\\":\\"/test/fixture/declarationTest/noExtension.vue\\",\\"props\\":\\"\\",\\"size\\":147,\\"lastModifiedTime\\":0,\\"children\\":[{\\"name\\":\\"/test/components/nested.vue\\",\\"props\\":\\"\\",\\"size\\":97,\\"lastModifiedTime\\":0,\\"children\\":[{\\"name\\":\\"/test/components/child.vue\\",\\"props\\":\\"\\",\\"size\\":42,\\"lastModifiedTime\\":0,\\"children\\":[]}]},{\\"name\\":\\"/test/assets/module.js\\",\\"props\\":\\"\\",\\"size\\":19,\\"lastModifiedTime\\":0,\\"children\\":[]}]}"`;

exports[`import declaration test onlyTemplate.vue 1`] = `"{\\"name\\":\\"/test/fixture/declarationTest/onlyTemplate.vue\\",\\"props\\":\\"\\",\\"size\\":37,\\"lastModifiedTime\\":0,\\"children\\":[]}"`;
